// Jest Snapshot v1, https://goo.gl/fbAQLP

exports[`Diagnostics Selectors selectDiagnosticsOfTask should get diagnostics of task 1`] = `
Immutable.List [
  Object {
    "message": "",
    "task": "2",
    "type": "success",
  },
  Object {
    "message": "",
    "task": "2",
    "type": "error",
  },
  Object {
    "message": "",
    "task": "2",
    "type": "warning",
  },
]
`;
