// Jest Snapshot v1, https://goo.gl/fbAQLP

exports[`PlanConfigurer getFormJobs converts to jobs 1`] = `
Immutable.List [
  Object {
    "convertIn": undefined,
    "convertOut": undefined,
    "default": "",
    "in": "name",
    "out": "name",
    "validate": [Function],
  },
  Object {
    "convertIn": undefined,
    "convertOut": undefined,
    "default": undefined,
    "in": "config",
    "out": "config",
    "validate": undefined,
  },
  Object {
    "convertIn": undefined,
    "convertOut": undefined,
    "default": "",
    "in": "config.configFile",
    "out": "config.configFile",
    "validate": undefined,
  },
  Object {
    "convertIn": undefined,
    "convertOut": undefined,
    "default": false,
    "in": "config.modifiedOnly",
    "out": "config.modifiedOnly",
    "validate": undefined,
  },
  Object {
    "convertIn": undefined,
    "convertOut": undefined,
    "default": true,
    "in": "config.watch",
    "out": "config.watch",
    "validate": undefined,
  },
  Object {
    "convertIn": undefined,
    "convertOut": undefined,
    "default": undefined,
    "in": "config.binary",
    "out": "config.binary",
    "validate": undefined,
  },
  Object {
    "convertIn": undefined,
    "convertOut": undefined,
    "default": undefined,
    "in": "config.binary.expressionValue",
    "out": "config.binary.expressionValue",
    "validate": undefined,
  },
  Object {
    "convertIn": [Function],
    "convertOut": [Function],
    "default": undefined,
    "in": "config.environmentVariables",
    "out": "config.environmentVariables",
    "validate": undefined,
  },
  Object {
    "convertIn": undefined,
    "convertOut": [Function],
    "default": undefined,
    "in": "stager",
    "out": "stager",
    "validate": undefined,
  },
  Object {
    "convertIn": undefined,
    "convertOut": undefined,
    "default": "integrated",
    "in": "stager.type",
    "out": "stager.expressionValue",
    "validate": undefined,
  },
  Object {
    "convertIn": undefined,
    "convertOut": undefined,
    "default": null,
    "in": "stager.host",
    "out": "stager.caseValue",
    "validate": undefined,
  },
  Object {
    "convertIn": undefined,
    "convertOut": [Function],
    "default": null,
    "in": "packageInfo",
    "out": "packageInfo",
    "validate": undefined,
  },
]
`;

exports[`PlanConfigurer getFormJobs converts to jobs taking value in account 1`] = `
Immutable.List [
  Object {
    "convertIn": undefined,
    "convertOut": undefined,
    "default": "",
    "in": "name",
    "out": "name",
    "validate": [Function],
  },
  Object {
    "convertIn": undefined,
    "convertOut": undefined,
    "default": undefined,
    "in": "config",
    "out": "config",
    "validate": undefined,
  },
  Object {
    "convertIn": undefined,
    "convertOut": undefined,
    "default": "",
    "in": "config.configFile",
    "out": "config.configFile",
    "validate": undefined,
  },
  Object {
    "convertIn": undefined,
    "convertOut": undefined,
    "default": false,
    "in": "config.modifiedOnly",
    "out": "config.modifiedOnly",
    "validate": undefined,
  },
  Object {
    "convertIn": undefined,
    "convertOut": undefined,
    "default": true,
    "in": "config.watch",
    "out": "config.watch",
    "validate": undefined,
  },
  Object {
    "convertIn": undefined,
    "convertOut": undefined,
    "default": undefined,
    "in": "config.binary",
    "out": "config.binary",
    "validate": undefined,
  },
  Object {
    "convertIn": undefined,
    "convertOut": undefined,
    "default": undefined,
    "in": "config.binary.expressionValue",
    "out": "config.binary.expressionValue",
    "validate": undefined,
  },
  Object {
    "convertIn": [Function],
    "convertOut": [Function],
    "default": undefined,
    "in": "config.environmentVariables",
    "out": "config.environmentVariables",
    "validate": undefined,
  },
  Object {
    "convertIn": undefined,
    "convertOut": [Function],
    "default": undefined,
    "in": "stager",
    "out": "stager",
    "validate": undefined,
  },
  Object {
    "convertIn": undefined,
    "convertOut": undefined,
    "default": "integrated",
    "in": "stager.type",
    "out": "stager.expressionValue",
    "validate": undefined,
  },
  Object {
    "convertIn": undefined,
    "convertOut": undefined,
    "default": null,
    "in": "stager.host",
    "out": "stager.caseValue",
    "validate": undefined,
  },
  Object {
    "convertIn": undefined,
    "convertOut": [Function],
    "default": null,
    "in": "packageInfo",
    "out": "packageInfo",
    "validate": undefined,
  },
]
`;
