// Jest Snapshot v1, https://goo.gl/fbAQLP

exports[`DiagnosticsSummaryCircle should display the number of diagnostics of this type 1`] = `
ShallowWrapper {
  "complexSelector": ComplexSelector {
    "buildPredicate": [Function],
    "childrenOfNode": [Function],
    "findWhereUnwrapped": [Function],
  },
  "length": 1,
  "node": <styled.div
    onClick={undefined}
>
    <styled.div
        className="text-color-highlight"
        onClick={undefined}
        pulsing={false}
        size="10px"
    >
        <span
            className="text-color-highlight"
            style={
                Object {
                    "fontSize": "5px",
                  }
            }
        >
            5
        </span>
    </styled.div>
</styled.div>,
  "nodes": Array [
    <styled.div
      onClick={undefined}
>
      <styled.div
            className="text-color-highlight"
            onClick={undefined}
            pulsing={false}
            size="10px"
      >
            <span
                  className="text-color-highlight"
                  style={
                        Object {
                              "fontSize": "5px",
                            }
                  }
            >
                  5
            </span>
      </styled.div>
</styled.div>,
  ],
  "options": Object {},
  "renderer": ReactShallowRenderer {
    "_instance": ShallowComponentWrapper {
      "_calledComponentWillUnmount": false,
      "_compositeType": 0,
      "_context": Object {},
      "_currentElement": <DiagnosticsSummaryCircle
        number={5}
        size="10px"
/>,
      "_debugID": 1,
      "_hostContainerInfo": null,
      "_hostParent": null,
      "_instance": DiagnosticsSummaryCircle {
        "_reactInternalInstance": [Circular],
        "context": Object {},
        "props": Object {
          "number": 5,
          "size": "10px",
        },
        "refs": Object {},
        "state": Object {
          "animated": false,
          "hovered": false,
          "pulsing": false,
        },
        "updater": Object {
          "enqueueCallback": [Function],
          "enqueueCallbackInternal": [Function],
          "enqueueElementInternal": [Function],
          "enqueueForceUpdate": [Function],
          "enqueueReplaceState": [Function],
          "enqueueSetState": [Function],
          "isMounted": [Function],
          "validateCallback": [Function],
        },
      },
      "_mountOrder": 1,
      "_pendingCallbacks": null,
      "_pendingElement": null,
      "_pendingForceUpdate": false,
      "_pendingReplaceState": false,
      "_pendingStateQueue": null,
      "_renderedComponent": NoopInternalComponent {
        "_currentElement": <styled.div
          onClick={undefined}
>
          <styled.div
                    className="text-color-highlight"
                    onClick={undefined}
                    pulsing={false}
                    size="10px"
          >
                    <span
                              className="text-color-highlight"
                              style={
                                        Object {
                                                  "fontSize": "5px",
                                                }
                              }
                    >
                              5
                    </span>
          </styled.div>
</styled.div>,
        "_debugID": 2,
        "_renderedOutput": <styled.div
          onClick={undefined}
>
          <styled.div
                    className="text-color-highlight"
                    onClick={undefined}
                    pulsing={false}
                    size="10px"
          >
                    <span
                              className="text-color-highlight"
                              style={
                                        Object {
                                                  "fontSize": "5px",
                                                }
                              }
                    >
                              5
                    </span>
          </styled.div>
</styled.div>,
      },
      "_renderedNodeType": 1,
      "_rootNodeID": 0,
      "_topLevelWrapper": null,
      "_updateBatchNumber": null,
      "_warnedAboutRefsInRender": false,
    },
    "getRenderOutput": [Function],
    "render": [Function],
  },
  "root": [Circular],
  "unrendered": <DiagnosticsSummaryCircle
    number={5}
    size="10px"
/>,
}
`;
