// Jest Snapshot v1, https://goo.gl/fbAQLP

exports[`DiagnosticsSummaryCircle should display the number of diagnostics of this type 1`] = `
<styled.div>
  <styled.div
    className="text-color-highlight"
    pulsing={false}
    size="10px"
  >
    <styled.span
      className="text-color-highlight"
    >
      5
    </styled.span>
  </styled.div>
</styled.div>
`;
